make: Entering directory '/home/duxevents/pcrec/scratch_lx/r4b2/pcrec'
gcc -O2 -g -Wall -Wextra -std=gnu11 -Ilib -Isrc -c -o build/obj/core/compile.o src/core/compile.c
gcc -O2 -g -Wall -Wextra -std=gnu11 -Ilib -Isrc -c -o build/obj/core/compile_defs.o src/core/compile_defs.c
gcc -O2 -g -Wall -Wextra -std=gnu11 -Ilib -Isrc -c -o build/obj/core/cpset.o src/core/cpset.c
gcc -O2 -g -Wall -Wextra -std=gnu11 -Ilib -Isrc -c -o build/obj/core/arena.o src/core/arena.c
gcc -O2 -g -Wall -Wextra -std=gnu11 -Ilib -Isrc -c -o build/obj/core/findings.o src/core/findings.c
gcc -O2 -g -Wall -Wextra -std=gnu11 -Ilib -Isrc -c -o build/obj/core/fold.o src/core/fold.c
gcc -O2 -g -Wall -Wextra -std=gnu11 -Ilib -Isrc -c -o build/obj/core/sb.o src/core/sb.c
gcc -O2 -g -Wall -Wextra -std=gnu11 -Ilib -Isrc -c -o build/obj/core/tune.o src/core/tune.c
gcc -O2 -g -Wall -Wextra -std=gnu11 -Ilib -Isrc -c -o build/obj/core/varexp.o src/core/varexp.c
gcc -O2 -g -Wall -Wextra -std=gnu11 -Ilib -Isrc -c -o build/obj/parse/ctxnode.o src/parse/ctxnode.c
gcc -O2 -g -Wall -Wextra -std=gnu11 -Ilib -Isrc -c -o build/obj/parse/definitions.o src/parse/definitions.c
gcc -O2 -g -Wall -Wextra -std=gnu11 -Ilib -Isrc -c -o build/obj/parse/enabled.o src/parse/enabled.c
gcc -O2 -g -Wall -Wextra -std=gnu11 -Ilib -Isrc -c -o build/obj/parse/ext.o src/parse/ext.c
gcc -O2 -g -Wall -Wextra -std=gnu11 -Ilib -Isrc -c -o build/obj/parse/mod_assertions.o src/parse/mod_assertions.c
gcc -O2 -g -Wall -Wextra -std=gnu11 -Ilib -Isrc -c -o build/obj/parse/mod_atomic_groups.o src/parse/mod_atomic_groups.c
gcc -O2 -g -Wall -Wextra -std=gnu11 -Ilib -Isrc -c -o build/obj/parse/mod_backrefs.o src/parse/mod_backrefs.c
gcc -O2 -g -Wall -Wextra -std=gnu11 -Ilib -Isrc -c -o build/obj/parse/mod_classes.o src/parse/mod_classes.c
gcc -O2 -g -Wall -Wextra -std=gnu11 -Ilib -Isrc -c -o build/obj/parse/mod_lookaround.o src/parse/mod_lookaround.c
gcc -O2 -g -Wall -Wextra -std=gnu11 -Ilib -Isrc -c -o build/obj/parse/mod_modifiers.o src/parse/mod_modifiers.c
gcc -O2 -g -Wall -Wextra -std=gnu11 -Ilib -Isrc -c -o build/obj/parse/mod_named_groups.o src/parse/mod_named_groups.c
gcc -O2 -g -Wall -Wextra -std=gnu11 -Ilib -Isrc -c -o build/obj/parse/mod_recursion.o src/parse/mod_recursion.c
gcc -O2 -g -Wall -Wextra -std=gnu11 -Ilib -Isrc -c -o build/obj/parse/mod_ucp.o src/parse/mod_ucp.c
gcc -O2 -g -Wall -Wextra -std=gnu11 -Ilib -Isrc -c -o build/obj/parse/mod_uprops.o src/parse/mod_uprops.c
gcc -O2 -g -Wall -Wextra -std=gnu11 -Ilib -Isrc -c -o build/obj/parse/mod_vars.o src/parse/mod_vars.c
gcc -O2 -g -Wall -Wextra -std=gnu11 -Ilib -Isrc -c -o build/obj/parse/mod_verbs.o src/parse/mod_verbs.c
gcc -O2 -g -Wall -Wextra -std=gnu11 -Ilib -Isrc -c -o build/obj/parse/parse.o src/parse/parse.c
gcc -O2 -g -Wall -Wextra -std=gnu11 -Ilib -Isrc -c -o build/obj/parse/registry.o src/parse/registry.c
gcc -O2 -g -Wall -Wextra -std=gnu11 -Ilib -Isrc -c -o build/obj/parse/rxt_compose.o src/parse/rxt_compose.c
gcc -O2 -g -Wall -Wextra -std=gnu11 -Ilib -Isrc -c -o build/obj/parse/rxt_find.o src/parse/rxt_find.c
gcc -O2 -g -Wall -Wextra -std=gnu11 -Ilib -Isrc -c -o build/obj/parse/rxt_schema.o src/parse/rxt_schema.c
gcc -O2 -g -Wall -Wextra -std=gnu11 -Ilib -Isrc -c -o build/obj/parse/rxt_source.o src/parse/rxt_source.c
gcc -O2 -g -Wall -Wextra -std=gnu11 -Ilib -Isrc -c -o build/obj/parse/scans.o src/parse/scans.c
gcc -O2 -g -Wall -Wextra -std=gnu11 -Ilib -Isrc -c -o build/obj/ir/dfa.o src/ir/dfa.c
gcc -O2 -g -Wall -Wextra -std=gnu11 -Ilib -Isrc -c -o build/obj/ir/nfa.o src/ir/nfa.c
gcc -O2 -g -Wall -Wextra -std=gnu11 -Ilib -Isrc -c -o build/obj/facts/endwin.o src/facts/endwin.c
gcc -O2 -g -Wall -Wextra -std=gnu11 -Ilib -Isrc -c -o build/obj/facts/facts.o src/facts/facts.c
gcc -O2 -g -Wall -Wextra -std=gnu11 -Ilib -Isrc -c -o build/obj/facts/kinds.o src/facts/kinds.c
gcc -O2 -g -Wall -Wextra -std=gnu11 -Ilib -Isrc -c -o build/obj/facts/kset.o src/facts/kset.c
gcc -O2 -g -Wall -Wextra -std=gnu11 -Ilib -Isrc -c -o build/obj/facts/req.o src/facts/req.c
gcc -O2 -g -Wall -Wextra -std=gnu11 -Ilib -Isrc -c -o build/obj/facts/startanch.o src/facts/startanch.c
gcc -O2 -g -Wall -Wextra -std=gnu11 -Ilib -Isrc -c -o build/obj/facts/widths.o src/facts/widths.c
gcc -O2 -g -Wall -Wextra -std=gnu11 -Ilib -Isrc -c -o build/obj/opt/altcls.o src/opt/altcls.c
gcc -O2 -g -Wall -Wextra -std=gnu11 -Ilib -Isrc -c -o build/obj/opt/atomic.o src/opt/atomic.c
gcc -O2 -g -Wall -Wextra -std=gnu11 -Ilib -Isrc -c -o build/obj/opt/callgraph.o src/opt/callgraph.c
gcc -O2 -g -Wall -Wextra -std=gnu11 -Ilib -Isrc -c -o build/obj/opt/dfamemo.o src/opt/dfamemo.c
gcc -O2 -g -Wall -Wextra -std=gnu11 -Ilib -Isrc -c -o build/obj/opt/lower_enc.o src/opt/lower_enc.c
gcc -O2 -g -Wall -Wextra -std=gnu11 -Ilib -Isrc -c -o build/obj/opt/minimize.o src/opt/minimize.c
gcc -O2 -g -Wall -Wextra -std=gnu11 -Ilib -Isrc -c -o build/obj/opt/mrl.o src/opt/mrl.c
gcc -O2 -g -Wall -Wextra -std=gnu11 -Ilib -Isrc -c -o build/obj/opt/possessify.o src/opt/possessify.c
gcc -O2 -g -Wall -Wextra -std=gnu11 -Ilib -Isrc -c -o build/obj/opt/prefix_k.o src/opt/prefix_k.c
gcc -O2 -g -Wall -Wextra -std=gnu11 -Ilib -Isrc -c -o build/obj/opt/postresolve.o src/opt/postresolve.c
gcc -O2 -g -Wall -Wextra -std=gnu11 -Ilib -Isrc -c -o build/obj/opt/revdet.o src/opt/revdet.c
gcc -O2 -g -Wall -Wextra -std=gnu11 -Ilib -Isrc -c -o build/obj/opt/scanedge.o src/opt/scanedge.c
gcc -O2 -g -Wall -Wextra -std=gnu11 -Ilib -Isrc -c -o build/obj/opt/select_engine.o src/opt/select_engine.c
gcc -O2 -g -Wall -Wextra -std=gnu11 -Ilib -Isrc -c -o build/obj/gen/clskit.o src/gen/clskit.c
gcc -O2 -g -Wall -Wextra -std=gnu11 -Ilib -Isrc -c -o build/obj/gen/emit_dfa.o src/gen/emit_dfa.c
gcc -O2 -g -Wall -Wextra -std=gnu11 -Ilib -Isrc -c -o build/obj/gen/emit_vm.o src/gen/emit_vm.c
gcc -O2 -g -Wall -Wextra -std=gnu11 -Ilib -Isrc -c -o build/obj/gen/runcmp.o src/gen/runcmp.c
gcc -O2 -g -Wall -Wextra -std=gnu11 -Ilib -Isrc -c -o build/obj/enc/enc_byte.o src/enc/enc_byte.c
gcc -O2 -g -Wall -Wextra -std=gnu11 -Ilib -Isrc -c -o build/obj/enc/enc.o src/enc/enc.c
gcc -O2 -g -Wall -Wextra -std=gnu11 -Ilib -Isrc -c -o build/obj/enc/enc_utf8.o src/enc/enc_utf8.c
gcc -O2 -g -Wall -Wextra -std=gnu11 -Ilib -Isrc -c -o build/obj/dump/axes_dump.o src/dump/axes_dump.c
gcc -O2 -g -Wall -Wextra -std=gnu11 -Ilib -Isrc -c -o build/obj/dump/facts_dump.o src/dump/facts_dump.c
gcc -O2 -g -Wall -Wextra -std=gnu11 -Ilib -Isrc -c -o build/obj/dump/findings_dump.o src/dump/findings_dump.c
gcc -O2 -g -Wall -Wextra -std=gnu11 -Ilib -Isrc -c -o build/obj/dump/limits_dump.o src/dump/limits_dump.c
gcc -O2 -g -Wall -Wextra -std=gnu11 -Ilib -Isrc -c -o build/obj/dump/schema_dump.o src/dump/schema_dump.c
gcc -O2 -g -Wall -Wextra -std=gnu11 -Ilib -Isrc -c -o build/obj/dump/syntax_dump.o src/dump/syntax_dump.c
gcc -O2 -g -Wall -Wextra -std=gnu11 -o build/pcrec-analyze analyze/main.c analyze/count.c analyze/sha256.c
ar rcs build/libpcrec.a build/obj/core/arena.o build/obj/core/compile.o build/obj/core/compile_defs.o build/obj/core/cpset.o build/obj/core/findings.o build/obj/core/fold.o build/obj/core/sb.o build/obj/core/tune.o build/obj/core/varexp.o build/obj/parse/ctxnode.o build/obj/parse/definitions.o build/obj/parse/enabled.o build/obj/parse/ext.o build/obj/parse/mod_assertions.o build/obj/parse/mod_atomic_groups.o build/obj/parse/mod_backrefs.o build/obj/parse/mod_classes.o build/obj/parse/mod_lookaround.o build/obj/parse/mod_modifiers.o build/obj/parse/mod_named_groups.o build/obj/parse/mod_recursion.o build/obj/parse/mod_ucp.o build/obj/parse/mod_uprops.o build/obj/parse/mod_vars.o build/obj/parse/mod_verbs.o build/obj/parse/parse.o build/obj/parse/registry.o build/obj/parse/rxt_compose.o build/obj/parse/rxt_find.o build/obj/parse/rxt_schema.o build/obj/parse/rxt_source.o build/obj/parse/scans.o build/obj/ir/dfa.o build/obj/ir/nfa.o build/obj/facts/endwin.o build/obj/facts/facts.o build/obj/facts/kinds.o build/obj/facts/kset.o build/obj/facts/req.o build/obj/facts/startanch.o build/obj/facts/widths.o build/obj/opt/altcls.o build/obj/opt/atomic.o build/obj/opt/callgraph.o build/obj/opt/dfamemo.o build/obj/opt/lower_enc.o build/obj/opt/minimize.o build/obj/opt/mrl.o build/obj/opt/possessify.o build/obj/opt/postresolve.o build/obj/opt/prefix_k.o build/obj/opt/revdet.o build/obj/opt/scanedge.o build/obj/opt/select_engine.o build/obj/gen/clskit.o build/obj/gen/emit_dfa.o build/obj/gen/emit_vm.o build/obj/gen/runcmp.o build/obj/enc/enc_byte.o build/obj/enc/enc.o build/obj/enc/enc_utf8.o build/obj/dump/axes_dump.o build/obj/dump/facts_dump.o build/obj/dump/findings_dump.o build/obj/dump/limits_dump.o build/obj/dump/schema_dump.o build/obj/dump/syntax_dump.o
gcc -O2 -g -Wall -Wextra -std=gnu11 -Ilib -Isrc -o build/pcrec cli/main.c build/libpcrec.a
make: Leaving directory '/home/duxevents/pcrec/scratch_lx/r4b2/pcrec'
