patterns=18858  identical=18775  differing=83  both_refused=0  accepted_only_by_A=0  accepted_only_by_B=0
  DIFF  (?:(?:b*|a){0,2})*
  DIFF  (?:(?:a|b*?){0,2})*
  DIFF  (?:(?:a|b*?){0,2})+
  DIFF  (?:(?:b?|a){0,2})*
  DIFF  (?:(?:b?|a){0,2})+
  DIFF  (?:(?:a|b??){0,2})*
  DIFF  (?:(?:a|b??){0,2})+
  DIFF  (?:(?:b{0,2}|a){0,2})*
  DIFF  (?:(?:b{0,2}|a){0,2})+
  DIFF  (?:(?:a|b{0,2}?){0,2})*
  DIFF  (?:(?:a|b{0,2}?){0,2})+
  DIFF  (?:(?:a|[a-c]*?){0,2})*
  DIFF  (?:(?:a|[a-c]*?){0,2})+
  DIFF  (?:(?:a|[a-c]??){0,2})*
  DIFF  (?:(?:a|[a-c]??){0,2})+
  DIFF  (?:(?:a|[a-c]{0,2}?){0,2})*
  DIFF  (?:(?:a|[a-c]{0,2}?){0,2})+
  DIFF  (?:(?:a|.*?){0,2})*
  DIFF  (?:(?:a|.*?){0,2})+
  DIFF  (?:(?:a|.??){0,2})*
  DIFF  (?:(?:a|.??){0,2})+
  DIFF  (?:(?:a|.{0,2}?){0,2})*
  DIFF  (?:(?:a|.{0,2}?){0,2})+
  DIFF  (?:(?:[^a]*|a){0,2})*
  DIFF  (?:(?:a|[^a]*?){0,2})*
  DIFF  (?:(?:a|[^a]*?){0,2})+
  DIFF  (?:(?:[^a]?|a){0,2})*
  DIFF  (?:(?:[^a]?|a){0,2})+
  DIFF  (?:(?:a|[^a]??){0,2})*
  DIFF  (?:(?:a|[^a]??){0,2})+
  DIFF  (?:(?:[^a]{0,2}|a){0,2})*
  DIFF  (?:(?:[^a]{0,2}|a){0,2})+
  DIFF  (?:(?:a|[^a]{0,2}?){0,2})*
  DIFF  (?:(?:a|[^a]{0,2}?){0,2})+
  DIFF  (?:(?:b*|a+){0,2})*
  DIFF  (?:(?:a+|b*?){0,2})*
  DIFF  (?:(?:b?|a+){0,2})*
  DIFF  (?:(?:b?|a+){0,2})+
  DIFF  (?:(?:a+|b??){0,2})*
  DIFF  (?:(?:b{0,2}|a+){0,2})*
  ... 43 more
DONE
