patterns=18858  identical=18609  differing=249  both_refused=0  accepted_only_by_A=0  accepted_only_by_B=0
  DIFF  (?:(?:b*|a)?)*
  DIFF  (?:(b*|a)?)*
  DIFF  (?:(?:b*|a){0,2})*
  DIFF  (?:(?:a|b*?)?)*
  DIFF  (?:(?:a|b*?)?)+
  DIFF  (?:(a|b*?)?)*
  DIFF  (?:(a|b*?)?)+
  DIFF  (?:(?:a|b*?){0,2})*
  DIFF  (?:(?:a|b*?){0,2})+
  DIFF  (?:(?:b?|a)?)*
  DIFF  (?:(?:b?|a)?)+
  DIFF  (?:(b?|a)?)*
  DIFF  (?:(b?|a)?)+
  DIFF  (?:(?:b?|a){0,2})*
  DIFF  (?:(?:b?|a){0,2})+
  DIFF  (?:(?:a|b??)?)*
  DIFF  (?:(?:a|b??)?)+
  DIFF  (?:(a|b??)?)*
  DIFF  (?:(a|b??)?)+
  DIFF  (?:(?:a|b??){0,2})*
  DIFF  (?:(?:a|b??){0,2})+
  DIFF  (?:(?:b{0,2}|a)?)*
  DIFF  (?:(?:b{0,2}|a)?)+
  DIFF  (?:(b{0,2}|a)?)*
  DIFF  (?:(b{0,2}|a)?)+
  DIFF  (?:(?:b{0,2}|a){0,2})*
  DIFF  (?:(?:b{0,2}|a){0,2})+
  DIFF  (?:(?:a|b{0,2}?)?)*
  DIFF  (?:(?:a|b{0,2}?)?)+
  DIFF  (?:(a|b{0,2}?)?)*
  DIFF  (?:(a|b{0,2}?)?)+
  DIFF  (?:(?:a|b{0,2}?){0,2})*
  DIFF  (?:(?:a|b{0,2}?){0,2})+
  DIFF  (?:(?:a|[a-c]*?)?)*
  DIFF  (?:(?:a|[a-c]*?)?)+
  DIFF  (?:(a|[a-c]*?)?)*
  DIFF  (?:(a|[a-c]*?)?)+
  DIFF  (?:(?:a|[a-c]*?){0,2})*
  DIFF  (?:(?:a|[a-c]*?){0,2})+
  DIFF  (?:(?:a|[a-c]??)?)*
  ... 209 more
DONE
