# libpcre2 10.46 (ubuntubudu, one light ssh session, gnutimeout 30), 2026-10-07, lane possarms21
# rev-2.1 witnesses, greedy (no_auto_possess) vs possessive spelling, run on 10.46
"(?:((?=a))a)?b+\1b"no_auto_possess
abb
 0: abb
 1: 

"(?:((?=a))a)?b++\1b"
abb
No match

"((?=a)c?)ab+\1b"no_auto_possess
abb
 0: abb
 1: 

"((?=a)c?)ab++\1b"
abb
No match

"(?:((?=a))a|)b+\1b"no_auto_possess
abb
 0: abb
 1: 

"(?:((?=a))a|)b++\1b"
abb
No match

"((?=a))x+\1x"no_auto_possess
xx
No match

"((?=a))x++\1x"
xx
No match

"((?=x)b?)x+\1x"no_auto_possess
xx
 0: xx
 1: 

"((?=x)b?)x++\1x"
xx
No match

"(\w+?(?:\b|))"no_auto_possess
ab
 0: a
 1: a

"(\w++(?:\b|))"
ab
 0: ab
 1: ab

"\w{1,3}?(?:\b|)"no_auto_possess
ab
 0: a

"\w{1,3}+(?:\b|)"
ab
 0: ab

"[a-c]+?(?:\B|)"no_auto_possess
ab
 0: a

"[a-c]++(?:\B|)"
ab
 0: ab

"\w+(?:\b|)"no_auto_possess
ab
 0: ab

"\w++(?:\b|)"
ab
 0: ab

"[a-c]+(?:(?=x)|)"no_auto_possess
abx
 0: ab

"[a-c]++(?:(?=x)|)"
abx
 0: ab

"(a)(\1b)x+\2"no_auto_possess
aabxxab
 0: aabxxab
 1: a
 2: ab

"(a)(\1b)x++\2"
aabxxab
 0: aabxxab
 1: a
 2: ab

"(\b)\w+\1"no_auto_possess
ab
 0: ab
 1: 

"(\b)\w++\1"
ab
 0: ab
 1: 
