Bsame	1600	rev21	denied	rc=1	0.14
Bsame	1600	rev2	PROTO_ARM_A=1 PROTO_ARM_B=1	rc=1	0.29
Bsame	1600	rev21	PROTO_ARM_A=1 PROTO_ARM_B=1 PROTO_NOMEMO=1	rc=1	0.13
Bsame	1600	rev21	PROTO_ARM_A=1 PROTO_ARM_B=1	rc=1	0.12
Bsame	6400	rev21	denied	rc=1	1.23
Bsame	6400	rev2	PROTO_ARM_A=1 PROTO_ARM_B=1	rc=1	4.06
Bsame	6400	rev21	PROTO_ARM_A=1 PROTO_ARM_B=1 PROTO_NOMEMO=1	rc=1	1.17
Bsame	6400	rev21	PROTO_ARM_A=1 PROTO_ARM_B=1	rc=1	1.16
Bsame	12800	rev21	denied	rc=1	7.40
Bsame	12800	rev2	PROTO_ARM_A=1 PROTO_ARM_B=1	rc=1	40.94
Bsame	12800	rev21	PROTO_ARM_A=1 PROTO_ARM_B=1 PROTO_NOMEMO=1	rc=1	7.35
Bsame	12800	rev21	PROTO_ARM_A=1 PROTO_ARM_B=1	rc=1	7.19
Bdist	1600	rev21	denied	rc=1	0.24
Bdist	1600	rev2	PROTO_ARM_A=1 PROTO_ARM_B=1	rc=1	0.62
Bdist	1600	rev21	PROTO_ARM_A=1 PROTO_ARM_B=1 PROTO_NOMEMO=1	rc=1	0.24
Bdist	1600	rev21	PROTO_ARM_A=1 PROTO_ARM_B=1	rc=1	0.23
Bdist	6400	rev21	denied	rc=1	3.38
Bdist	6400	rev2	PROTO_ARM_A=1 PROTO_ARM_B=1	rc=1	16.53
Bdist	6400	rev21	PROTO_ARM_A=1 PROTO_ARM_B=1 PROTO_NOMEMO=1	rc=1	3.19
Bdist	6400	rev21	PROTO_ARM_A=1 PROTO_ARM_B=1	rc=1	3.38
Bdist	12800	SKIPPED	pattern 168094 bytes >= MAX_ARG_STRLEN
Bcycle	1600	rev21	denied	rc=1	0.11
Bcycle	1600	rev2	PROTO_ARM_A=1 PROTO_ARM_B=1	rc=1	0.31
Bcycle	1600	rev21	PROTO_ARM_A=1 PROTO_ARM_B=1 PROTO_NOMEMO=1	rc=1	1.03
Bcycle	1600	rev21	PROTO_ARM_A=1 PROTO_ARM_B=1	rc=1	0.10
Bcycle	6400	rev21	denied	rc=1	0.62
Bcycle	6400	rev2	PROTO_ARM_A=1 PROTO_ARM_B=1	rc=1	4.29
Bcycle	6400	rev21	PROTO_ARM_A=1 PROTO_ARM_B=1 PROTO_NOMEMO=1	rc=1	41.17
Bcycle	6400	rev21	PROTO_ARM_A=1 PROTO_ARM_B=1	rc=1	0.60
Bcycle	12800	SKIPPED	pattern 142501 bytes >= MAX_ARG_STRLEN
A1alt	1600	rev21	denied	rc=1	0.14
A1alt	1600	rev2	PROTO_ARM_A=1 PROTO_ARM_B=1	rc=1	6.29
A1alt	1600	rev21	PROTO_ARM_A=1 PROTO_ARM_B=1 PROTO_NOMEMO=1	rc=1	5.72
A1alt	1600	rev21	PROTO_ARM_A=1 PROTO_ARM_B=1	rc=1	0.15
A1alt	6400	rev21	denied	rc=1	1.35
A1alt	6400	rev2	PROTO_ARM_A=1 PROTO_ARM_B=1	rc=1	100.15
A1alt	6400	rev21	PROTO_ARM_A=1 PROTO_ARM_B=1 PROTO_NOMEMO=1	rc=1	91.28
A1alt	6400	rev21	PROTO_ARM_A=1 PROTO_ARM_B=1	rc=1	1.36
A1alt	12800	rev21	denied	rc=1	11.37
A1alt	12800	rev2	PROTO_ARM_A=1 PROTO_ARM_B=1	rc=1	410.20
