Bsame	1600	rev21	denied	rc=1	0.13
Bsame	1600	rev2	PROTO_ARM_A=1 PROTO_ARM_B=1	rc=1	0.26
Bsame	1600	rev21	PROTO_ARM_A=1 PROTO_ARM_B=1 PROTO_NOMEMO=1	rc=1	0.13
Bsame	1600	rev21	PROTO_ARM_A=1 PROTO_ARM_B=1	rc=1	0.14
Bsame	6400	rev21	denied	rc=1	1.19
Bsame	6400	rev2	PROTO_ARM_A=1 PROTO_ARM_B=1	rc=1	4.03
Bsame	6400	rev21	PROTO_ARM_A=1 PROTO_ARM_B=1 PROTO_NOMEMO=1	rc=1	1.12
Bsame	6400	rev21	PROTO_ARM_A=1 PROTO_ARM_B=1	rc=1	1.13
Bsame	12800	rev21	denied	rc=1	7.31
Bsame	12800	rev2	PROTO_ARM_A=1 PROTO_ARM_B=1	rc=1	39.23
Bsame	12800	rev21	PROTO_ARM_A=1 PROTO_ARM_B=1 PROTO_NOMEMO=1	rc=1	7.19
Bsame	12800	rev21	PROTO_ARM_A=1 PROTO_ARM_B=1	rc=1	7.13
Bdist	1600	rev21	denied	rc=1	0.28
Bdist	1600	rev2	PROTO_ARM_A=1 PROTO_ARM_B=1	rc=1	0.61
Bdist	1600	rev21	PROTO_ARM_A=1 PROTO_ARM_B=1 PROTO_NOMEMO=1	rc=1	0.24
Bdist	1600	rev21	PROTO_ARM_A=1 PROTO_ARM_B=1	rc=1	0.24
Bdist	6400	rev21	denied	rc=1	3.34
Bdist	6400	rev2	PROTO_ARM_A=1 PROTO_ARM_B=1	rc=1	15.71
Bdist	6400	rev21	PROTO_ARM_A=1 PROTO_ARM_B=1 PROTO_NOMEMO=1	rc=1	3.26
Bdist	6400	rev21	PROTO_ARM_A=1 PROTO_ARM_B=1	rc=1	3.24
Bdist	12800	rev21	denied	rc=126	0.02
Bdist	12800	rev2	PROTO_ARM_A=1 PROTO_ARM_B=1	rc=126	0.02
Bdist	12800	rev21	PROTO_ARM_A=1 PROTO_ARM_B=1 PROTO_NOMEMO=1	rc=126	0.02
Bdist	12800	rev21	PROTO_ARM_A=1 PROTO_ARM_B=1	rc=126	0.03
Bcycle	1600	rev21	denied	rc=1	0.11
Bcycle	1600	rev2	PROTO_ARM_A=1 PROTO_ARM_B=1	rc=1	0.30
Bcycle	1600	rev21	PROTO_ARM_A=1 PROTO_ARM_B=1 PROTO_NOMEMO=1	rc=1	0.99
Bcycle	1600	rev21	PROTO_ARM_A=1 PROTO_ARM_B=1	rc=1	0.11
Bcycle	6400	rev21	denied	rc=1	0.58
Bcycle	6400	rev2	PROTO_ARM_A=1 PROTO_ARM_B=1	rc=1	4.23
Bcycle	6400	rev21	PROTO_ARM_A=1 PROTO_ARM_B=1 PROTO_NOMEMO=1	rc=1	40.90
Bcycle	6400	rev21	PROTO_ARM_A=1 PROTO_ARM_B=1	rc=1	0.62
Bcycle	12800	rev21	denied	rc=126	0.04
Bcycle	12800	rev2	PROTO_ARM_A=1 PROTO_ARM_B=1	rc=126	0.04
Bcycle	12800	rev21	PROTO_ARM_A=1 PROTO_ARM_B=1 PROTO_NOMEMO=1	rc=126	0.02
Bcycle	12800	rev21	PROTO_ARM_A=1 PROTO_ARM_B=1	rc=126	0.04
A1alt	1600	rev21	denied	rc=1	0.14
A1alt	1600	rev2	PROTO_ARM_A=1 PROTO_ARM_B=1	rc=1	6.20
A1alt	1600	rev21	PROTO_ARM_A=1 PROTO_ARM_B=1 PROTO_NOMEMO=1	rc=1	6.44
A1alt	1600	rev21	PROTO_ARM_A=1 PROTO_ARM_B=1	rc=1	6.40
A1alt	6400	rev21	denied	rc=1	1.35
A1alt	6400	rev2	PROTO_ARM_A=1 PROTO_ARM_B=1	rc=1	98.26
A1alt	6400	rev21	PROTO_ARM_A=1 PROTO_ARM_B=1 PROTO_NOMEMO=1	rc=1	101.80
A1alt	6400	rev21	PROTO_ARM_A=1 PROTO_ARM_B=1	rc=1	101.61
A1alt	12800	rev21	denied	rc=1	11.01
A1alt	12800	rev2	PROTO_ARM_A=1 PROTO_ARM_B=1	rc=1	401.79
A1alt	12800	rev21	PROTO_ARM_A=1 PROTO_ARM_B=1 PROTO_NOMEMO=1	rc=1	418.66
A1alt	12800	rev21	PROTO_ARM_A=1 PROTO_ARM_B=1	rc=1	419.80
A1lb	1600	rev21	denied	rc=1	0.08
A1lb	1600	rev2	PROTO_ARM_A=1 PROTO_ARM_B=1	rc=1	1.29
A1lb	1600	rev21	PROTO_ARM_A=1 PROTO_ARM_B=1 PROTO_NOMEMO=1	rc=1	1.29
A1lb	1600	rev21	PROTO_ARM_A=1 PROTO_ARM_B=1	rc=1	1.27
A1lb	6400	rev21	denied	rc=1	0.25
A1lb	6400	rev2	PROTO_ARM_A=1 PROTO_ARM_B=1	rc=1	19.25
A1lb	6400	rev21	PROTO_ARM_A=1 PROTO_ARM_B=1 PROTO_NOMEMO=1	rc=1	19.32
A1lb	6400	rev21	PROTO_ARM_A=1 PROTO_ARM_B=1	rc=1	19.33
A1lb	12800	rev21	denied	rc=126	0.04
A1lb	12800	rev2	PROTO_ARM_A=1 PROTO_ARM_B=1	rc=126	0.02
A1lb	12800	rev21	PROTO_ARM_A=1 PROTO_ARM_B=1 PROTO_NOMEMO=1	rc=126	0.02
A1lb	12800	rev21	PROTO_ARM_A=1 PROTO_ARM_B=1	rc=126	0.04
