# ENG-BREP design lane -- archived probe output
#
# probe_possess.py [R24] confusion matrix: 0 soundness counterexamples in BOTH preference families.
#
date:        2026-08-16T01:41:46Z
repo commit: ac5b1f980d71d28e7a2f55cde941f03bdc425bef  (branch eng-brep-r24)
gcc:         gcc (Ubuntu 15.2.0-16ubuntu1) 15.2.0
python:      Python 3.14.4
host:        Linux 7.0.0-29-generic, 12 cores
#
# EVIDENCE, NEVER AN ORACLE: no check reads this file.
#
# --- confusion matrix (preference, verdict, differential) ---
#   ('greedy', 'no', 'DIVERGES')             1463
#   ('greedy', 'no', 'same')                 1522
#   ('greedy', 'possessifiable', 'same')     2031
#   ('lazy', 'no', 'DIVERGES')               1983
#   ('lazy', 'no', 'same')                   1338
#   ('lazy', 'possessifiable', 'same')       1695
# SOUNDNESS [greedy]: 0 counterexample(s) to 'possessifiable => identical'
# SOUNDNESS [lazy]: 0 counterexample(s) to 'possessifiable => identical'
# SOUNDNESS [both]: 0
# CONSERVATISM [greedy]: 1522 'no' verdicts whose differential never diverged
#   'a{0,4}$'
#   'a{1,3}$'
#   'a{1,3}^'
#   'a{0,2}$'
#   'a{3,}$'
#   'a{3,}ac'
#   'a{3,}ab'
#   'a{3,}^'
#   'a*$'
#   'a+$'
# CONSERVATISM [lazy]: 1338 'no' verdicts whose differential never diverged
#   'a{0,4}?$'
#   'a{1,3}?$'
#   'a{1,3}?^'
#   'a{0,2}?$'
#   'a{3,}?$'
#   'a{3,}?ac'
#   'a{3,}?ab'
#   'a{3,}?^'
#   'a*?$'
#   'a+?$'
