reach	ok	 \w?\b	 aa
reach	ok	(?:a\.)+\b	a.a.
reach	ok	(?:a[a.])+\b	a.a.
reach	ok	(a)A+(?i:\1)	aAA
reach	ok	(?J)(?:(?<n>a)|(?<n>x))x+\k<n>	xxx
reach	ok	(a?)x+\1x	xx
reach	ok	(a+(?:\b|))|b(?1)a	baa
reach	ok	(?:b(?R)a|a+(?:\b|))	baa
reach	ok	(a?)(x+\1)b(?2)x	xbxx
reach	ok	\b(\w+)\b\s+\1\b	a a
reach	ok	k+\b	k\xe2\x84\xaa
agree	\b(\w+)\b\s+\1\b	cells=547	poss=1	eng=vm
agree	(\w+)\b	cells=547	poss=1	eng=vm
agree	\w+\b	cells=547	poss=1	eng=vm
agree	\w{1,3}\b	cells=547	poss=1	eng=vm
agree	\w{2,}\bx	cells=547	poss=1	eng=vm
agree	[a-c]+\b	cells=3711	poss=1	eng=vm
agree	[a-c]+\b\w	cells=3711	poss=1	eng=vm
agree	(?:ab)+\b	cells=3711	poss=1	eng=vm
agree	(?:a\.)+\b	cells=1593	poss=0	eng=vm
agree	\W+\b	cells=129	poss=1	eng=vm
agree	[ .]+\b	cells=547	poss=1	eng=vm
agree	x\w+(?:\b|\.)	cells=1593	poss=1	eng=vm
agree	\w+(?:\b|x)	cells=547	poss=0	eng=vm
agree	\w*\b	cells=547	poss=0	eng=vm
agree	 \w?\b	cells=547	poss=0	eng=vm
agree	\w+\B	cells=547	poss=0	eng=vm
agree	[a .]+\b	cells=1593	poss=0	eng=vm
agree	(?i)k+\b	cells=547	poss=1	eng=vm
agree	(?i)[j-l]+\b	cells=3711	poss=1	eng=vm
agree	(\w+)\s+\1	cells=547	poss=1	eng=vm
agree	(a)\s+\1	cells=547	poss=1	eng=vm
agree	(a|b)x+\1	cells=13539	poss=1	eng=vm
agree	([ab]+)x{1,3}\1b	cells=13539	poss=1	eng=vm
agree	(a?)x+\1b	cells=13539	poss=1	eng=vm
agree	(a?)x+\1x	cells=3711	poss=1	eng=vm
agree	(a)x+?\1	cells=3711	poss=1	eng=vm
agree	(?:(a)|b)x+\1	cells=13539	poss=1	eng=vm
agree	(?:x+\1|(a))+	cells=3711	poss=0	eng=vm
agree	((a)|b)x+\2	cells=13539	poss=1	eng=vm
agree	(?<=(a))x+\1	cells=3711	poss=1	eng=vm
agree	(a)A+(?i:\1)	cells=547	poss=0	eng=vm
agree	(?i:(a))A+\1	cells=547	poss=0	eng=vm
agree	(?J)(?:(?<n>a)|(?<n>x))x+\k<n>	cells=3711	poss=0	eng=vm
agree	(?J)(?:(?<n>a)|(?<n>b))x+\k<n>	cells=13539	poss=1	eng=vm
agree	(x+)\1	cells=547	poss=0	eng=vm
agree	(a|x+\1)+	cells=3711	poss=0	eng=vm
agree	 (\w?)\b	cells=547	poss=0	eng=vm
agree	x[ab]{0,3}\b	cells=13539	poss=0	eng=vm
agree	(?J)(?<n>a)?(?<n>x)?x+\k<n>	cells=3711	poss=1	eng=vm
agree	(?:a[a.])+\b	cells=1593	poss=0	eng=vm
agree	(?:\.a)+\b	cells=1593	poss=0	eng=vm
agree	(a+(?:\b|))|b(?1)a	cells=3711	poss=0	eng=vm
agree	(?:b(?R)a|a+(?:\b|))	cells=3711	poss=0	eng=vm
agree	(\w+\b)x(?1)	cells=547	poss=1	eng=vm
agree	(\w+\b)x(?1)y	cells=3711	poss=1	eng=vm
agree	(\w+(?:\b|))x(?1)a	cells=3711	poss=0	eng=vm
agree	(a?)(x+\1)b(?2)x	cells=13539	poss=1	eng=vm
agree	(a)(x+\1)b(?2)x	cells=13539	poss=1	eng=vm
agree	(a\2)(b\1)x+\1	cells=13539	poss=1	eng=vm
agree	(a\2)?(b\1)?x+\1	cells=13539	poss=1	eng=vm
agree	\w+?\b	cells=547	poss=0	eng=vm
agree	[a-c]+?\b	cells=3711	poss=0	eng=vm
agree	(?:ab)+?\b	cells=3711	poss=0	eng=vm
agree	[a-z]+(?=@)	cells=7465	poss=1	eng=vm
agree	\d+(?![\d.])	cells=1593	poss=1	eng=vm
agree	[ab]+?(?![ab])	cells=3711	poss=1	eng=vm
agree	a*(?!a)	cells=547	poss=1	eng=vm
agree	\d*(?![\d.])	cells=1593	poss=1	eng=vm
agree	x[ab]*\b	cells=13539	poss=0	eng=vm
agree	\w+\b	cells=5469	poss=1	eng=vm
agree	\W+\b	cells=2532	poss=0	eng=vm
agree	[a-c]+\b	cells=18141	poss=1	eng=vm
agree	\x{e9}+\b	cells=2845	poss=1	eng=vm
agree	(?:a\.)+\b	cells=10420	poss=0	eng=vm
agree	(\w)x+\1	cells=5469	poss=0	eng=vm
agree	k+\b	cells=5469	poss=0	eng=vm
agree	[j-l]+\b	cells=18141	poss=0	eng=vm
agree	[a-c]+\b	cells=18141	poss=1	eng=vm
agree	(a)A+\1	cells=5469	poss=0	eng=vm
agree	(k)x+\1	cells=18141	poss=0	eng=vm
agree	(a)x+\1	cells=18141	poss=1	eng=vm
agree	\x{e9}+\b	cells=547	poss=1	eng=vm
agree	\w+\b	cells=547	poss=1	eng=vm
agree	\W+\b	cells=129	poss=1	eng=vm
agree	(\x{e9})x+\1	cells=3711	poss=1	eng=vm
agree	(?:ak)+\b	cells=3711	poss=1	eng=vm
agree	[a-c]+\b	cells=3711	poss=1	eng=vm
agree	(a)A+\1	cells=547	poss=0	eng=vm
agree	(a)x+\1	cells=3711	poss=1	eng=vm
#TALLY agree=79 diverged=0 refused=0 possessive=48 cells=403943 reach_miss=0
