agree	\b(\w+)\b\s+\1\b	cells=547	poss=1	eng=vm
agree	(\w+)\b	cells=547	poss=1	eng=vm
agree	\w+\b	cells=547	poss=1	eng=vm
agree	\w{1,3}\b	cells=547	poss=1	eng=vm
agree	\w{2,}\bx	cells=547	poss=1	eng=vm
agree	[a-c]+\b	cells=3711	poss=1	eng=vm
agree	[a-c]+\b\w	cells=3711	poss=1	eng=vm
agree	(?:ab)+\b	cells=3711	poss=1	eng=vm
agree	(?:a\.)+\b	cells=1593	poss=0	eng=vm
agree	\W+\b	cells=129	poss=1	eng=vm
agree	[ .]+\b	cells=547	poss=1	eng=vm
agree	x\w+(?:\b|\.)	cells=1593	poss=1	eng=vm
agree	\w+(?:\b|x)	cells=547	poss=0	eng=vm
agree	\w*\b	cells=547	poss=0	eng=vm
agree	 \w?\b	cells=547	poss=0	eng=vm
agree	\w+\B	cells=547	poss=0	eng=vm
agree	[a .]+\b	cells=1593	poss=0	eng=vm
agree	(?i)k+\b	cells=547	poss=1	eng=vm
agree	(?i)[j-l]+\b	cells=3711	poss=1	eng=vm
agree	(\w+)\s+\1	cells=547	poss=1	eng=vm
agree	(a)\s+\1	cells=547	poss=1	eng=vm
agree	(a|b)x+\1	cells=13539	poss=1	eng=vm
agree	([ab]+)x{1,3}\1b	cells=13539	poss=1	eng=vm
agree	(a?)x+\1b	cells=13539	poss=1	eng=vm
agree	(a?)x+\1x	cells=3711	poss=1	eng=vm
agree	(a)x+?\1	cells=3711	poss=1	eng=vm
agree	(?:(a)|b)x+\1	cells=13539	poss=1	eng=vm
agree	(?:x+\1|(a))+	cells=3711	poss=0	eng=vm
agree	((a)|b)x+\2	cells=13539	poss=1	eng=vm
agree	(?<=(a))x+\1	cells=3711	poss=1	eng=vm
agree	(a)A+(?i:\1)	cells=547	poss=0	eng=vm
agree	(?i:(a))A+\1	cells=547	poss=0	eng=vm
agree	(?J)(?:(?<n>a)|(?<n>x))x+\k<n>	cells=3711	poss=0	eng=vm
agree	(?J)(?:(?<n>a)|(?<n>b))x+\k<n>	cells=13539	poss=1	eng=vm
agree	(x+)\1	cells=547	poss=0	eng=vm
agree	(a|x+\1)+	cells=3711	poss=0	eng=vm
agree	 (\w?)\b	cells=547	poss=0	eng=vm
agree	x[ab]{0,3}\b	cells=13539	poss=0	eng=vm
agree	(?J)(?<n>a)?(?<n>x)?x+\k<n>	cells=3711	poss=1	eng=vm
agree	(?:a[a.])+\b	cells=1593	poss=0	eng=vm
agree	(?:\.a)+\b	cells=1593	poss=0	eng=vm
DIVERGE	(a+(?:\b|))|b(?1)a	cells=3711	poss=1	eng=vm	DIVERGENCE subject=baa startpos=0   possessified: match 1,3 1,3   -fno-possessify: match 0,3 -1,-1 
DIVERGE	(?:b(?R)a|a+(?:\b|))	cells=3711	poss=1	eng=vm	DIVERGENCE subject=baa startpos=0   possessified: match 1,3   -fno-possessify: match 0,3 
agree	(\w+\b)x(?1)	cells=547	poss=1	eng=vm
agree	(\w+\b)x(?1)y	cells=3711	poss=1	eng=vm
agree	(\w+(?:\b|))x(?1)a	cells=3711	poss=0	eng=vm
DIVERGE	(a?)(x+\1)b(?2)x	cells=13539	poss=1	eng=vm	DIVERGENCE subject=xbxx startpos=0   possessified: nomatch   -fno-possessify: match 0,4 0,0 0,1 
agree	(a)(x+\1)b(?2)x	cells=13539	poss=1	eng=vm
agree	(a\2)(b\1)x+\1	cells=13539	poss=1	eng=vm
agree	(a\2)?(b\1)?x+\1	cells=13539	poss=1	eng=vm
agree	\w+?\b	cells=547	poss=0	eng=vm
agree	[a-c]+?\b	cells=3711	poss=0	eng=vm
agree	(?:ab)+?\b	cells=3711	poss=0	eng=vm
agree	[a-z]+(?=@)	cells=7465	poss=1	eng=vm
agree	\d+(?![\d.])	cells=1593	poss=1	eng=vm
agree	[ab]+?(?![ab])	cells=3711	poss=1	eng=vm
agree	a*(?!a)	cells=547	poss=1	eng=vm
agree	\d*(?![\d.])	cells=1593	poss=1	eng=vm
agree	x[ab]*\b	cells=13539	poss=0	eng=vm
agree	\w+\b	cells=5469	poss=1	eng=vm
agree	\W+\b	cells=2532	poss=0	eng=vm
agree	[a-c]+\b	cells=18141	poss=1	eng=vm
agree	\x{e9}+\b	cells=2845	poss=1	eng=vm
agree	(?:a\.)+\b	cells=10420	poss=0	eng=vm
agree	(\w)x+\1	cells=5469	poss=0	eng=vm
agree	k+\b	cells=5469	poss=0	eng=vm
agree	[j-l]+\b	cells=18141	poss=0	eng=vm
agree	[a-c]+\b	cells=18141	poss=1	eng=vm
agree	(a)A+\1	cells=5469	poss=0	eng=vm
agree	(k)x+\1	cells=18141	poss=0	eng=vm
agree	(a)x+\1	cells=18141	poss=1	eng=vm
agree	\x{e9}+\b	cells=547	poss=1	eng=vm
agree	\w+\b	cells=547	poss=1	eng=vm
agree	\W+\b	cells=129	poss=1	eng=vm
agree	(\x{e9})x+\1	cells=3711	poss=1	eng=vm
agree	(?:ak)+\b	cells=3711	poss=1	eng=vm
agree	[a-c]+\b	cells=3711	poss=1	eng=vm
agree	(a)A+\1	cells=547	poss=0	eng=vm
agree	(a)x+\1	cells=3711	poss=1	eng=vm
#TALLY agree=76 diverged=3 refused=0 possessive=50 cells=403943 reach_miss=0
